// Jest Snapshot v1, https://goo.gl/fbAQLP

exports[`Profile Component matches snapshot 1`] = `
<DocumentFragment>
  <div
    class="form-container col-md-6 offset-md-3 col-lg-6 offset-lg-3 mt-5 pt-5"
  >
    <h4
      class="form-title display-4 text-center mb-3"
    >
      - Profile -
    </h4>
    <div
      class="form-card card"
    >
      <div
        class="card-body"
      >
        <form>
          <div
            class="form-group"
          >
            <p
              class="form-control-plaintext text-center"
              id="username"
            >
              Username: testUser
            </p>
          </div>
          <div
            class="form-group"
          >
            <label
              for="firstName"
            >
              First Name
            </label>
            <input
              class="form-control"
              id="firstName"
              name="firstName"
              value="John"
            />
          </div>
          <div
            class="form-group"
          >
            <label
              for="lastName"
            >
              Last Name
            </label>
            <input
              class="form-control"
              id="lastName"
              name="lastName"
              value="Doe"
            />
          </div>
          <div
            class="form-group"
          >
            <label
              for="email"
            >
              Email
            </label>
            <input
              class="form-control"
              id="email"
              name="email"
              value="john.doe@example.com"
            />
          </div>
          <div
            class="form-group"
          >
            <label
              for="password"
            >
              Password
            </label>
            <input
              class="form-control"
              id="password"
              name="password"
              type="password"
              value=""
            />
          </div>
          <button
            class="submit-button btn btn-primary btn-block mt-4"
          >
            Save Changes
          </button>
        </form>
      </div>
    </div>
  </div>
</DocumentFragment>
`;
