// Jest Snapshot v1, https://goo.gl/fbAQLP

exports[`matches snapshot 1`] = `
<DocumentFragment>
  <div
    class="SearchForm mb-3"
  >
    <form
      class="form-inline"
    >
      <div
        class="input-group"
      >
        <input
          class="form-control form-control-lg flex-grow-1"
          name="searchTerm"
          placeholder="Enter search term..."
          value=""
        />
        <button
          class="btn btn-lg btn-primary"
          type="submit"
        >
          Submit
        </button>
      </div>
    </form>
  </div>
</DocumentFragment>
`;
